
> Configure project :
Fabric Loom: 1.10.5

> Task :checkKotlinGradlePluginConfigurationErrors SKIPPED
> Task :compileKotlin UP-TO-DATE

> Task :compileJava FAILED

[Incubating] Problems report is available at: file:///C:/Users/Caleb/Desktop/minecraft%20stuf/Mystic%20Edge%20Elemental%20Katanas/mystic-edge-template-1.20.1/build/reports/problems/problems-report.html
2 actionable tasks: 1 executed, 1 up-to-date
